[11:00:59] INFO step3: Device: cuda
[11:00:59] INFO step3: alpha=0.9
[11:01:20] INFO step3:   detector=msp
[11:01:20] INFO step3:     no_tta   Delta = +0.000 [+0.000, +0.000] AUROC(T)=0.672
[11:01:20] INFO step3:     id_only  Delta = +0.209 [+0.182, +0.240] AUROC(T)=0.881
[11:01:20] INFO step3:     mixed    Delta = -0.003 [-0.053, +0.050] AUROC(T)=0.669
[11:01:20] INFO step3:     paired t-test mixed vs id_only: t=-9.92 p=7.87e-11
[11:01:20] INFO step3:   detector=energy
[11:01:20] INFO step3:     no_tta   Delta = +0.000 [+0.000, +0.000] AUROC(T)=0.622
[11:01:20] INFO step3:     id_only  Delta = +0.192 [+0.168, +0.214] AUROC(T)=0.814
[11:01:20] INFO step3:     mixed    Delta = -0.033 [-0.074, +0.009] AUROC(T)=0.589
[11:01:20] INFO step3:     paired t-test mixed vs id_only: t=-11.70 p=1.68e-12
[11:01:20] INFO step3:   detector=mahalanobis
[11:01:20] INFO step3:     no_tta   Delta = +0.000 [+0.000, +0.000] AUROC(T)=0.863
[11:01:20] INFO step3:     id_only  Delta = +0.055 [+0.042, +0.069] AUROC(T)=0.919
[11:01:20] INFO step3:     mixed    Delta = +0.024 [+0.008, +0.039] AUROC(T)=0.888
[11:01:20] INFO step3:     paired t-test mixed vs id_only: t=-4.12 p=0.000287
[11:01:20] INFO step3: alpha=0.75
[11:01:41] INFO step3:   detector=msp
[11:01:41] INFO step3:     no_tta   Delta = +0.000 [+0.000, +0.000] AUROC(T)=0.659
[11:01:41] INFO step3:     id_only  Delta = +0.166 [+0.154, +0.179] AUROC(T)=0.825
[11:01:41] INFO step3:     mixed    Delta = -0.037 [-0.068, -0.005] AUROC(T)=0.622
[11:01:41] INFO step3:     paired t-test mixed vs id_only: t=-13.68 p=3.5e-14
[11:01:41] INFO step3:   detector=energy
[11:01:41] INFO step3:     no_tta   Delta = +0.000 [+0.000, +0.000] AUROC(T)=0.626
[11:01:41] INFO step3:     id_only  Delta = +0.149 [+0.138, +0.160] AUROC(T)=0.775
[11:01:41] INFO step3:     mixed    Delta = -0.060 [-0.087, -0.033] AUROC(T)=0.566
[11:01:41] INFO step3:     paired t-test mixed vs id_only: t=-15.06 p=3.02e-15
[11:01:41] INFO step3:   detector=mahalanobis
[11:01:41] INFO step3:     no_tta   Delta = +0.000 [+0.000, +0.000] AUROC(T)=0.827
[11:01:41] INFO step3:     id_only  Delta = +0.043 [+0.034, +0.052] AUROC(T)=0.870
[11:01:41] INFO step3:     mixed    Delta = +0.018 [+0.006, +0.030] AUROC(T)=0.844
[11:01:41] INFO step3:     paired t-test mixed vs id_only: t=-4.19 p=0.00024
[11:01:41] INFO step3: alpha=0.5
[11:02:07] INFO step3:   detector=msp
[11:02:07] INFO step3:     no_tta   Delta = +0.000 [+0.000, +0.000] AUROC(T)=0.664
[11:02:07] INFO step3:     id_only  Delta = +0.119 [+0.102, +0.134] AUROC(T)=0.783
[11:02:07] INFO step3:     mixed    Delta = -0.055 [-0.081, -0.029] AUROC(T)=0.609
[11:02:07] INFO step3:     paired t-test mixed vs id_only: t=-16.12 p=5.18e-16
[11:02:07] INFO step3:   detector=energy
[11:02:07] INFO step3:     no_tta   Delta = +0.000 [+0.000, +0.000] AUROC(T)=0.647
[11:02:07] INFO step3:     id_only  Delta = +0.113 [+0.099, +0.127] AUROC(T)=0.760
[11:02:07] INFO step3:     mixed    Delta = -0.065 [-0.088, -0.043] AUROC(T)=0.582
[11:02:07] INFO step3:     paired t-test mixed vs id_only: t=-19.66 p=2.61e-18
[11:02:07] INFO step3:   detector=mahalanobis
[11:02:07] INFO step3:     no_tta   Delta = +0.000 [+0.000, +0.000] AUROC(T)=0.723
[11:02:07] INFO step3:     id_only  Delta = +0.032 [+0.021, +0.044] AUROC(T)=0.755
[11:02:07] INFO step3:     mixed    Delta = +0.015 [+0.005, +0.025] AUROC(T)=0.738
[11:02:07] INFO step3:     paired t-test mixed vs id_only: t=-2.22 p=0.0342
[11:02:08] INFO step3: alpha=0.25
[11:02:45] INFO step3:   detector=msp
[11:02:45] INFO step3:     no_tta   Delta = +0.000 [+0.000, +0.000] AUROC(T)=0.617
[11:02:45] INFO step3:     id_only  Delta = +0.097 [+0.073, +0.121] AUROC(T)=0.714
[11:02:45] INFO step3:     mixed    Delta = -0.032 [-0.061, +0.001] AUROC(T)=0.585
[11:02:45] INFO step3:     paired t-test mixed vs id_only: t=-8.86 p=9.55e-10
[11:02:45] INFO step3:   detector=energy
[11:02:45] INFO step3:     no_tta   Delta = +0.000 [+0.000, +0.000] AUROC(T)=0.613
[11:02:45] INFO step3:     id_only  Delta = +0.096 [+0.078, +0.114] AUROC(T)=0.708
[11:02:45] INFO step3:     mixed    Delta = -0.040 [-0.065, -0.012] AUROC(T)=0.572
[11:02:45] INFO step3:     paired t-test mixed vs id_only: t=-9.96 p=7.16e-11
[11:02:45] INFO step3:   detector=mahalanobis
[11:02:45] INFO step3:     no_tta   Delta = +0.000 [+0.000, +0.000] AUROC(T)=0.620
[11:02:45] INFO step3:     id_only  Delta = +0.021 [+0.009, +0.034] AUROC(T)=0.641
[11:02:45] INFO step3:     mixed    Delta = +0.023 [+0.007, +0.039] AUROC(T)=0.643
[11:02:45] INFO step3:     paired t-test mixed vs id_only: t=0.16 p=0.872
[11:02:45] INFO step3: Done. Results in results/step3_dtd
