warning: `VIRTUAL_ENV=/home/xyz/anaconda3` does not match the project environment path `.venv` and will be ignored; use `--active` to target the active environment instead
[10:19:00] INFO step5: Device: cuda
[10:19:00] INFO step5: OOD=svhn, method=tent, alpha=0.9
[10:19:10] INFO step5:   no_tta   Delta = +0.000 [+0.000, +0.000]
[10:19:10] INFO step5:   id_only  Delta = +0.210 [+0.185, +0.237]
[10:19:10] INFO step5:   mixed    Delta = -0.075 [-0.127, -0.020]
[10:19:10] INFO step5:   paired t-test mixed vs id_only: t=-9.19 p=2e-08
[10:19:10] INFO step5: OOD=svhn, method=tent, alpha=0.75
[10:19:19] INFO step5:   no_tta   Delta = +0.000 [+0.000, +0.000]
[10:19:19] INFO step5:   id_only  Delta = +0.118 [+0.097, +0.140]
[10:19:19] INFO step5:   mixed    Delta = -0.030 [-0.064, +0.011]
[10:19:19] INFO step5:   paired t-test mixed vs id_only: t=-8.07 p=1.48e-07
[10:19:19] INFO step5: OOD=svhn, method=tent, alpha=0.5
[10:19:28] INFO step5:   no_tta   Delta = +0.000 [+0.000, +0.000]
[10:19:28] INFO step5:   id_only  Delta = +0.062 [+0.042, +0.082]
[10:19:28] INFO step5:   mixed    Delta = -0.059 [-0.081, -0.037]
[10:19:28] INFO step5:   paired t-test mixed vs id_only: t=-10.46 p=2.55e-09
[10:19:28] INFO step5: OOD=svhn, method=tent, alpha=0.25
[10:19:37] INFO step5:   no_tta   Delta = +0.000 [+0.000, +0.000]
[10:19:37] INFO step5:   id_only  Delta = +0.032 [+0.013, +0.049]
[10:19:37] INFO step5:   mixed    Delta = -0.056 [-0.082, -0.028]
[10:19:37] INFO step5:   paired t-test mixed vs id_only: t=-6.77 p=1.83e-06
[10:19:37] INFO step5: OOD=svhn, method=eata, alpha=0.9
[10:19:47] INFO step5:   no_tta   Delta = +0.000 [+0.000, +0.000]
[10:19:47] INFO step5:   id_only  Delta = +0.118 [+0.093, +0.144]
[10:19:47] INFO step5:   mixed    Delta = -0.107 [-0.153, -0.061]
[10:19:47] INFO step5:   paired t-test mixed vs id_only: t=-6.98 p=1.19e-06
[10:19:47] INFO step5: OOD=svhn, method=eata, alpha=0.75
[10:19:57] INFO step5:   no_tta   Delta = +0.000 [+0.000, +0.000]
[10:19:57] INFO step5:   id_only  Delta = +0.085 [+0.074, +0.099]
[10:19:57] INFO step5:   mixed    Delta = -0.050 [-0.074, -0.026]
[10:19:57] INFO step5:   paired t-test mixed vs id_only: t=-9.78 p=7.58e-09
[10:19:57] INFO step5: OOD=svhn, method=eata, alpha=0.5
[10:20:06] INFO step5:   no_tta   Delta = +0.000 [+0.000, +0.000]
[10:20:06] INFO step5:   id_only  Delta = +0.050 [+0.034, +0.066]
[10:20:06] INFO step5:   mixed    Delta = -0.043 [-0.069, -0.009]
[10:20:06] INFO step5:   paired t-test mixed vs id_only: t=-6.37 p=4.09e-06
[10:20:06] INFO step5: OOD=svhn, method=eata, alpha=0.25
[10:20:15] INFO step5:   no_tta   Delta = +0.000 [+0.000, +0.000]
[10:20:15] INFO step5:   id_only  Delta = +0.033 [+0.015, +0.052]
[10:20:15] INFO step5:   mixed    Delta = -0.010 [-0.031, +0.014]
[10:20:15] INFO step5:   paired t-test mixed vs id_only: t=-3.29 p=0.00389
[10:20:15] INFO step5: OOD=cifar100, method=tent, alpha=0.9
/home/xyz/student/lc/ProtoAbsorb/.venv/lib/python3.12/site-packages/torchvision/datasets/cifar.py:83: VisibleDeprecationWarning: dtype(): align should be passed as Python or NumPy boolean but got `align=0`. Did you mean to pass a tuple to create a subarray type? (Deprecated NumPy 2.4)
  entry = pickle.load(f, encoding="latin1")
[10:20:24] INFO step5:   no_tta   Delta = +0.000 [+0.000, +0.000]
[10:20:24] INFO step5:   id_only  Delta = +0.186 [+0.164, +0.207]
[10:20:24] INFO step5:   mixed    Delta = -0.001 [-0.055, +0.042]
[10:20:24] INFO step5:   paired t-test mixed vs id_only: t=-6.92 p=1.35e-06
[10:20:24] INFO step5: OOD=cifar100, method=tent, alpha=0.75
/home/xyz/student/lc/ProtoAbsorb/.venv/lib/python3.12/site-packages/torchvision/datasets/cifar.py:83: VisibleDeprecationWarning: dtype(): align should be passed as Python or NumPy boolean but got `align=0`. Did you mean to pass a tuple to create a subarray type? (Deprecated NumPy 2.4)
  entry = pickle.load(f, encoding="latin1")
[10:20:33] INFO step5:   no_tta   Delta = +0.000 [+0.000, +0.000]
[10:20:33] INFO step5:   id_only  Delta = +0.168 [+0.146, +0.194]
[10:20:33] INFO step5:   mixed    Delta = +0.023 [-0.004, +0.051]
[10:20:33] INFO step5:   paired t-test mixed vs id_only: t=-11.64 p=4.32e-10
[10:20:33] INFO step5: OOD=cifar100, method=tent, alpha=0.5
/home/xyz/student/lc/ProtoAbsorb/.venv/lib/python3.12/site-packages/torchvision/datasets/cifar.py:83: VisibleDeprecationWarning: dtype(): align should be passed as Python or NumPy boolean but got `align=0`. Did you mean to pass a tuple to create a subarray type? (Deprecated NumPy 2.4)
  entry = pickle.load(f, encoding="latin1")
[10:20:41] INFO step5:   no_tta   Delta = +0.000 [+0.000, +0.000]
[10:20:41] INFO step5:   id_only  Delta = +0.082 [+0.066, +0.099]
[10:20:41] INFO step5:   mixed    Delta = +0.054 [+0.027, +0.082]
[10:20:41] INFO step5:   paired t-test mixed vs id_only: t=-1.56 p=0.135
[10:20:41] INFO step5: OOD=cifar100, method=tent, alpha=0.25
/home/xyz/student/lc/ProtoAbsorb/.venv/lib/python3.12/site-packages/torchvision/datasets/cifar.py:83: VisibleDeprecationWarning: dtype(): align should be passed as Python or NumPy boolean but got `align=0`. Did you mean to pass a tuple to create a subarray type? (Deprecated NumPy 2.4)
  entry = pickle.load(f, encoding="latin1")
[10:20:50] INFO step5:   no_tta   Delta = +0.000 [+0.000, +0.000]
[10:20:50] INFO step5:   id_only  Delta = +0.054 [+0.030, +0.076]
[10:20:50] INFO step5:   mixed    Delta = +0.059 [+0.024, +0.092]
[10:20:50] INFO step5:   paired t-test mixed vs id_only: t=0.31 p=0.764
[10:20:50] INFO step5: OOD=cifar100, method=eata, alpha=0.9
/home/xyz/student/lc/ProtoAbsorb/.venv/lib/python3.12/site-packages/torchvision/datasets/cifar.py:83: VisibleDeprecationWarning: dtype(): align should be passed as Python or NumPy boolean but got `align=0`. Did you mean to pass a tuple to create a subarray type? (Deprecated NumPy 2.4)
  entry = pickle.load(f, encoding="latin1")
[10:20:59] INFO step5:   no_tta   Delta = +0.000 [+0.000, +0.000]
[10:20:59] INFO step5:   id_only  Delta = +0.131 [+0.107, +0.157]
[10:20:59] INFO step5:   mixed    Delta = +0.015 [-0.017, +0.041]
[10:20:59] INFO step5:   paired t-test mixed vs id_only: t=-7.23 p=7.24e-07
[10:20:59] INFO step5: OOD=cifar100, method=eata, alpha=0.75
/home/xyz/student/lc/ProtoAbsorb/.venv/lib/python3.12/site-packages/torchvision/datasets/cifar.py:83: VisibleDeprecationWarning: dtype(): align should be passed as Python or NumPy boolean but got `align=0`. Did you mean to pass a tuple to create a subarray type? (Deprecated NumPy 2.4)
  entry = pickle.load(f, encoding="latin1")
[10:21:08] INFO step5:   no_tta   Delta = +0.000 [+0.000, +0.000]
[10:21:08] INFO step5:   id_only  Delta = +0.118 [+0.102, +0.134]
[10:21:08] INFO step5:   mixed    Delta = +0.025 [+0.005, +0.043]
[10:21:08] INFO step5:   paired t-test mixed vs id_only: t=-11.54 p=4.96e-10
[10:21:08] INFO step5: OOD=cifar100, method=eata, alpha=0.5
/home/xyz/student/lc/ProtoAbsorb/.venv/lib/python3.12/site-packages/torchvision/datasets/cifar.py:83: VisibleDeprecationWarning: dtype(): align should be passed as Python or NumPy boolean but got `align=0`. Did you mean to pass a tuple to create a subarray type? (Deprecated NumPy 2.4)
  entry = pickle.load(f, encoding="latin1")
[10:21:17] INFO step5:   no_tta   Delta = +0.000 [+0.000, +0.000]
[10:21:17] INFO step5:   id_only  Delta = +0.048 [+0.035, +0.062]
[10:21:17] INFO step5:   mixed    Delta = +0.010 [-0.015, +0.031]
[10:21:17] INFO step5:   paired t-test mixed vs id_only: t=-3.24 p=0.00432
[10:21:17] INFO step5: OOD=cifar100, method=eata, alpha=0.25
/home/xyz/student/lc/ProtoAbsorb/.venv/lib/python3.12/site-packages/torchvision/datasets/cifar.py:83: VisibleDeprecationWarning: dtype(): align should be passed as Python or NumPy boolean but got `align=0`. Did you mean to pass a tuple to create a subarray type? (Deprecated NumPy 2.4)
  entry = pickle.load(f, encoding="latin1")
[10:21:25] INFO step5:   no_tta   Delta = +0.000 [+0.000, +0.000]
[10:21:25] INFO step5:   id_only  Delta = +0.023 [+0.004, +0.044]
[10:21:25] INFO step5:   mixed    Delta = +0.029 [-0.001, +0.060]
[10:21:25] INFO step5:   paired t-test mixed vs id_only: t=0.36 p=0.724
[10:21:25] INFO step5: OOD=dtd, method=tent, alpha=0.9
[10:21:34] INFO step5:   no_tta   Delta = +0.000 [+0.000, +0.000]
[10:21:34] INFO step5:   id_only  Delta = +0.217 [+0.190, +0.242]
[10:21:34] INFO step5:   mixed    Delta = -0.027 [-0.082, +0.028]
[10:21:34] INFO step5:   paired t-test mixed vs id_only: t=-8.94 p=3.12e-08
[10:21:34] INFO step5: OOD=dtd, method=tent, alpha=0.75
[10:21:43] INFO step5:   no_tta   Delta = +0.000 [+0.000, +0.000]
[10:21:43] INFO step5:   id_only  Delta = +0.176 [+0.156, +0.194]
[10:21:43] INFO step5:   mixed    Delta = -0.035 [-0.067, -0.003]
[10:21:43] INFO step5:   paired t-test mixed vs id_only: t=-16.97 p=6.16e-13
[10:21:43] INFO step5: OOD=dtd, method=tent, alpha=0.5
[10:21:51] INFO step5:   no_tta   Delta = +0.000 [+0.000, +0.000]
[10:21:51] INFO step5:   id_only  Delta = +0.126 [+0.111, +0.140]
[10:21:51] INFO step5:   mixed    Delta = -0.045 [-0.074, -0.018]
[10:21:51] INFO step5:   paired t-test mixed vs id_only: t=-10.38 p=2.88e-09
[10:21:51] INFO step5: OOD=dtd, method=tent, alpha=0.25
[10:22:01] INFO step5:   no_tta   Delta = +0.000 [+0.000, +0.000]
[10:22:01] INFO step5:   id_only  Delta = +0.086 [+0.057, +0.110]
[10:22:01] INFO step5:   mixed    Delta = -0.010 [-0.045, +0.023]
[10:22:01] INFO step5:   paired t-test mixed vs id_only: t=-3.93 p=0.000895
[10:22:01] INFO step5: OOD=dtd, method=eata, alpha=0.9
[10:22:10] INFO step5:   no_tta   Delta = +0.000 [+0.000, +0.000]
[10:22:10] INFO step5:   id_only  Delta = +0.146 [+0.121, +0.171]
[10:22:10] INFO step5:   mixed    Delta = -0.013 [-0.049, +0.021]
[10:22:10] INFO step5:   paired t-test mixed vs id_only: t=-10.09 p=4.56e-09
[10:22:10] INFO step5: OOD=dtd, method=eata, alpha=0.75
[10:22:19] INFO step5:   no_tta   Delta = +0.000 [+0.000, +0.000]
[10:22:19] INFO step5:   id_only  Delta = +0.113 [+0.093, +0.132]
[10:22:19] INFO step5:   mixed    Delta = -0.024 [-0.049, +0.001]
[10:22:19] INFO step5:   paired t-test mixed vs id_only: t=-12.38 p=1.52e-10
[10:22:19] INFO step5: OOD=dtd, method=eata, alpha=0.5
[10:22:28] INFO step5:   no_tta   Delta = +0.000 [+0.000, +0.000]
[10:22:28] INFO step5:   id_only  Delta = +0.076 [+0.060, +0.092]
[10:22:28] INFO step5:   mixed    Delta = -0.035 [-0.057, -0.011]
[10:22:28] INFO step5:   paired t-test mixed vs id_only: t=-8.34 p=9.05e-08
[10:22:28] INFO step5: OOD=dtd, method=eata, alpha=0.25
[10:22:38] INFO step5:   no_tta   Delta = +0.000 [+0.000, +0.000]
[10:22:38] INFO step5:   id_only  Delta = +0.085 [+0.062, +0.107]
[10:22:38] INFO step5:   mixed    Delta = -0.010 [-0.038, +0.021]
[10:22:38] INFO step5:   paired t-test mixed vs id_only: t=-5.71 p=1.66e-05
[10:22:38] INFO step5: OOD=places365, method=tent, alpha=0.9
[10:22:46] INFO step5:   no_tta   Delta = +0.000 [+0.000, +0.000]
[10:22:46] INFO step5:   id_only  Delta = +0.217 [+0.190, +0.244]
[10:22:46] INFO step5:   mixed    Delta = +0.039 [-0.003, +0.084]
[10:22:46] INFO step5:   paired t-test mixed vs id_only: t=-9.24 p=1.86e-08
[10:22:46] INFO step5: OOD=places365, method=tent, alpha=0.75
[10:22:55] INFO step5:   no_tta   Delta = +0.000 [+0.000, +0.000]
[10:22:55] INFO step5:   id_only  Delta = +0.158 [+0.142, +0.176]
[10:22:55] INFO step5:   mixed    Delta = +0.037 [+0.004, +0.072]
[10:22:55] INFO step5:   paired t-test mixed vs id_only: t=-6.92 p=1.34e-06
[10:22:55] INFO step5: OOD=places365, method=tent, alpha=0.5
[10:23:03] INFO step5:   no_tta   Delta = +0.000 [+0.000, +0.000]
[10:23:03] INFO step5:   id_only  Delta = +0.075 [+0.057, +0.093]
[10:23:03] INFO step5:   mixed    Delta = +0.012 [-0.014, +0.037]
[10:23:03] INFO step5:   paired t-test mixed vs id_only: t=-4.59 p=0.000201
[10:23:03] INFO step5: OOD=places365, method=tent, alpha=0.25
[10:23:11] INFO step5:   no_tta   Delta = +0.000 [+0.000, +0.000]
[10:23:11] INFO step5:   id_only  Delta = +0.020 [-0.002, +0.039]
[10:23:11] INFO step5:   mixed    Delta = +0.029 [+0.009, +0.049]
[10:23:11] INFO step5:   paired t-test mixed vs id_only: t=0.67 p=0.513
[10:23:11] INFO step5: OOD=places365, method=eata, alpha=0.9
[10:23:20] INFO step5:   no_tta   Delta = +0.000 [+0.000, +0.000]
[10:23:20] INFO step5:   id_only  Delta = +0.130 [+0.111, +0.151]
[10:23:20] INFO step5:   mixed    Delta = +0.011 [-0.023, +0.044]
[10:23:20] INFO step5:   paired t-test mixed vs id_only: t=-8.04 p=1.56e-07
[10:23:20] INFO step5: OOD=places365, method=eata, alpha=0.75
[10:23:29] INFO step5:   no_tta   Delta = +0.000 [+0.000, +0.000]
[10:23:29] INFO step5:   id_only  Delta = +0.085 [+0.075, +0.095]
[10:23:29] INFO step5:   mixed    Delta = -0.000 [-0.017, +0.015]
[10:23:29] INFO step5:   paired t-test mixed vs id_only: t=-9.05 p=2.57e-08
[10:23:29] INFO step5: OOD=places365, method=eata, alpha=0.5
[10:23:38] INFO step5:   no_tta   Delta = +0.000 [+0.000, +0.000]
[10:23:38] INFO step5:   id_only  Delta = +0.057 [+0.042, +0.075]
[10:23:38] INFO step5:   mixed    Delta = +0.022 [+0.003, +0.039]
[10:23:38] INFO step5:   paired t-test mixed vs id_only: t=-4.13 p=0.000572
[10:23:38] INFO step5: OOD=places365, method=eata, alpha=0.25
[10:23:47] INFO step5:   no_tta   Delta = +0.000 [+0.000, +0.000]
[10:23:47] INFO step5:   id_only  Delta = +0.030 [+0.014, +0.047]
[10:23:47] INFO step5:   mixed    Delta = +0.029 [+0.010, +0.049]
[10:23:47] INFO step5:   paired t-test mixed vs id_only: t=-0.07 p=0.946
[10:23:47] INFO step5: Done. Results in results/step5_4oods
