[21:58:17] INFO rebuttal5_recalibrated: Device: cuda
[21:58:17] INFO rebuttal5_recalibrated: Building frozen detector artefacts from pretrained model...
/home/xyz/student/lc/ProtoAbsorb/.venv/lib/python3.12/site-packages/torchvision/datasets/cifar.py:83: VisibleDeprecationWarning: dtype(): align should be passed as Python or NumPy boolean but got `align=0`. Did you mean to pass a tuple to create a subarray type? (Deprecated NumPy 2.4)
  entry = pickle.load(f, encoding="latin1")
[21:58:18] INFO rebuttal5_recalibrated:   Frozen KNN bank: torch.Size([10240, 512])
[21:58:19] INFO rebuttal5_recalibrated:   Frozen Mahal: means=torch.Size([10, 512]), cov_inv=torch.Size([512, 512])
[21:58:19] INFO rebuttal5_recalibrated: [1/8] tent|gaussian_noise|svhn|0.9
[21:58:38] INFO rebuttal5_recalibrated:   knn_frozen    : id_only=0.7603  mixed=0.6849  gap=+0.0755  p=4.34e-09
[21:58:38] INFO rebuttal5_recalibrated:   mahal_frozen  : id_only=0.9609  mixed=0.9534  gap=+0.0075  p=0.00179
[21:58:38] INFO rebuttal5_recalibrated:   knn_recal     : id_only=0.7938  mixed=0.7381  gap=+0.0557  p=3.66e-08
[21:58:38] INFO rebuttal5_recalibrated:   mahal_recal   : id_only=0.9525  mixed=0.9462  gap=+0.0063  p=0.0024
[21:58:38] INFO rebuttal5_recalibrated: [2/8] tent|gaussian_noise|svhn|0.5
[21:58:57] INFO rebuttal5_recalibrated:   knn_frozen    : id_only=0.6122  mixed=0.5293  gap=+0.0829  p=3.56e-12
[21:58:57] INFO rebuttal5_recalibrated:   mahal_frozen  : id_only=0.5548  mixed=0.5101  gap=+0.0447  p=2.57e-07
[21:58:57] INFO rebuttal5_recalibrated:   knn_recal     : id_only=0.6149  mixed=0.5316  gap=+0.0833  p=1.7e-11
[21:58:57] INFO rebuttal5_recalibrated:   mahal_recal   : id_only=0.4805  mixed=0.4486  gap=+0.0319  p=1.11e-05
[21:58:57] INFO rebuttal5_recalibrated: [3/8] tent|gaussian_noise|dtd|0.9
[21:59:15] INFO rebuttal5_recalibrated:   knn_frozen    : id_only=0.8323  mixed=0.7546  gap=+0.0777  p=9.07e-10
[21:59:15] INFO rebuttal5_recalibrated:   mahal_frozen  : id_only=0.9267  mixed=0.9122  gap=+0.0146  p=0.000146
[21:59:15] INFO rebuttal5_recalibrated:   knn_recal     : id_only=0.8402  mixed=0.7633  gap=+0.0769  p=6.27e-09
[21:59:15] INFO rebuttal5_recalibrated:   mahal_recal   : id_only=0.9028  mixed=0.8959  gap=+0.0069  p=0.0155
[21:59:15] INFO rebuttal5_recalibrated: [4/8] tent|gaussian_noise|dtd|0.5
[21:59:35] INFO rebuttal5_recalibrated:   knn_frozen    : id_only=0.7242  mixed=0.6626  gap=+0.0615  p=1.1e-09
[21:59:35] INFO rebuttal5_recalibrated:   mahal_frozen  : id_only=0.7493  mixed=0.7323  gap=+0.0170  p=0.00106
[21:59:35] INFO rebuttal5_recalibrated:   knn_recal     : id_only=0.7196  mixed=0.6584  gap=+0.0612  p=1.09e-08
[21:59:35] INFO rebuttal5_recalibrated:   mahal_recal   : id_only=0.7071  mixed=0.7019  gap=+0.0052  p=0.247
[21:59:35] INFO rebuttal5_recalibrated: [5/8] tent|fog|svhn|0.9
[21:59:54] INFO rebuttal5_recalibrated:   knn_frozen    : id_only=0.8883  mixed=0.8452  gap=+0.0431  p=1.48e-08
[21:59:54] INFO rebuttal5_recalibrated:   mahal_frozen  : id_only=0.8623  mixed=0.8488  gap=+0.0135  p=0.000331
[21:59:54] INFO rebuttal5_recalibrated:   knn_recal     : id_only=0.8861  mixed=0.8358  gap=+0.0503  p=3.28e-09
[21:59:54] INFO rebuttal5_recalibrated:   mahal_recal   : id_only=0.6473  mixed=0.6467  gap=+0.0006  p=0.863
[21:59:54] INFO rebuttal5_recalibrated: [6/8] tent|fog|svhn|0.5
[22:00:13] INFO rebuttal5_recalibrated:   knn_frozen    : id_only=0.8286  mixed=0.7742  gap=+0.0544  p=1.93e-09
[22:00:13] INFO rebuttal5_recalibrated:   mahal_frozen  : id_only=0.6016  mixed=0.5676  gap=+0.0340  p=3.09e-06
[22:00:13] INFO rebuttal5_recalibrated:   knn_recal     : id_only=0.8184  mixed=0.7544  gap=+0.0640  p=3.13e-10
[22:00:13] INFO rebuttal5_recalibrated:   mahal_recal   : id_only=0.4176  mixed=0.4052  gap=+0.0124  p=0.00857
[22:00:13] INFO rebuttal5_recalibrated: [7/8] tent|fog|dtd|0.9
[22:00:31] INFO rebuttal5_recalibrated:   knn_frozen    : id_only=0.9043  mixed=0.8618  gap=+0.0425  p=4.59e-08
[22:00:31] INFO rebuttal5_recalibrated:   mahal_frozen  : id_only=0.8743  mixed=0.8599  gap=+0.0145  p=2.09e-06
[22:00:31] INFO rebuttal5_recalibrated:   knn_recal     : id_only=0.8985  mixed=0.8478  gap=+0.0507  p=8.94e-09
[22:00:31] INFO rebuttal5_recalibrated:   mahal_recal   : id_only=0.7078  mixed=0.7070  gap=+0.0008  p=0.82
[22:00:31] INFO rebuttal5_recalibrated: [8/8] tent|fog|dtd|0.5
[22:00:51] INFO rebuttal5_recalibrated:   knn_frozen    : id_only=0.8581  mixed=0.8220  gap=+0.0361  p=2.75e-08
[22:00:51] INFO rebuttal5_recalibrated:   mahal_frozen  : id_only=0.7575  mixed=0.7352  gap=+0.0223  p=2.84e-06
[22:00:51] INFO rebuttal5_recalibrated:   knn_recal     : id_only=0.8485  mixed=0.8033  gap=+0.0452  p=1.38e-09
[22:00:51] INFO rebuttal5_recalibrated:   mahal_recal   : id_only=0.6426  mixed=0.6349  gap=+0.0077  p=0.0193
[22:00:51] INFO rebuttal5_recalibrated: Saved → results/rebuttal5/recalibrated_detector_results.json
[22:00:51] INFO rebuttal5_recalibrated: 
=== Summary by contract and alpha ===
[22:00:51] INFO rebuttal5_recalibrated: contract        alpha  no_tta  id_only  mixed  paired_gap  p
[22:00:51] INFO rebuttal5_recalibrated:   knn_frozen      0.9   0.7685   0.8463    0.7866  +0.0597       1.65e-08
[22:00:51] INFO rebuttal5_recalibrated:   knn_frozen      0.5   0.7225   0.7558    0.6970  +0.0587       7.64e-09
[22:00:51] INFO rebuttal5_recalibrated:   mahal_frozen    0.9   0.8889   0.9061    0.8936  +0.0125       0.000567
[22:00:51] INFO rebuttal5_recalibrated:   mahal_frozen    0.5   0.6511   0.6658    0.6363  +0.0295       0.000267
[22:00:51] INFO rebuttal5_recalibrated:   knn_recal       0.9   0.7738   0.8546    0.7963  +0.0584       1.38e-08
[22:00:51] INFO rebuttal5_recalibrated:   knn_recal       0.5   0.7152   0.7503    0.6869  +0.0635       3.16e-09
[22:00:51] INFO rebuttal5_recalibrated:   mahal_recal     0.9   0.7923   0.8026    0.7989  +0.0036       0.425
[22:00:51] INFO rebuttal5_recalibrated:   mahal_recal     0.5   0.5543   0.5620    0.5477  +0.0143       0.0687
