warning: `VIRTUAL_ENV=/home/xyz/anaconda3` does not match the project environment path `.venv` and will be ignored; use `--active` to target the active environment instead
[18:07:37] INFO rebuttal1_knn_vim: Device: cuda
[18:07:37] INFO rebuttal1_knn_vim: Building training feature bank (this runs once)...
/home/xyz/student/lc/ProtoAbsorb/.venv/lib/python3.12/site-packages/torchvision/datasets/cifar.py:83: VisibleDeprecationWarning: dtype(): align should be passed as Python or NumPy boolean but got `align=0`. Did you mean to pass a tuple to create a subarray type? (Deprecated NumPy 2.4)
  entry = pickle.load(f, encoding="latin1")
[18:07:38] INFO rebuttal1_knn_vim:   Feature bank: torch.Size([10240, 512])
[18:07:38] INFO rebuttal1_knn_vim: Computing ViM principal subspace...
[18:07:38] INFO rebuttal1_knn_vim:   ViM: principal_space=torch.Size([512, 256]), id_residual_scale=0.1830
[18:07:38] INFO rebuttal1_knn_vim: [1/16] gaussian_noise|svhn|tent|0.9
[18:07:53] INFO rebuttal1_knn_vim:   KNN: id_only_auroc=0.7541  mixed_auroc=0.6672  gap=+0.0869  p=1.29e-07  FPR95_gap=-0.0747
[18:07:53] INFO rebuttal1_knn_vim:   VIM: id_only_auroc=0.9597  mixed_auroc=0.9557  gap=+0.0040  p=0.231  FPR95_gap=-0.0023
[18:07:53] INFO rebuttal1_knn_vim: [2/16] gaussian_noise|svhn|tent|0.5
[18:08:12] INFO rebuttal1_knn_vim:   KNN: id_only_auroc=0.5982  mixed_auroc=0.5044  gap=+0.0938  p=6.87e-15  FPR95_gap=-0.0240
[18:08:12] INFO rebuttal1_knn_vim:   VIM: id_only_auroc=0.4402  mixed_auroc=0.4355  gap=+0.0048  p=0.375  FPR95_gap=-0.0021
[18:08:12] INFO rebuttal1_knn_vim: [3/16] gaussian_noise|svhn|eta|0.9
[18:08:30] INFO rebuttal1_knn_vim:   KNN: id_only_auroc=0.7352  mixed_auroc=0.6783  gap=+0.0570  p=2.53e-06  FPR95_gap=-0.0483
[18:08:30] INFO rebuttal1_knn_vim:   VIM: id_only_auroc=0.9562  mixed_auroc=0.9550  gap=+0.0012  p=0.498  FPR95_gap=+0.0063
[18:08:30] INFO rebuttal1_knn_vim: [4/16] gaussian_noise|svhn|eta|0.5
[18:08:48] INFO rebuttal1_knn_vim:   KNN: id_only_auroc=0.5904  mixed_auroc=0.5395  gap=+0.0509  p=1.42e-08  FPR95_gap=-0.0354
[18:08:48] INFO rebuttal1_knn_vim:   VIM: id_only_auroc=0.4596  mixed_auroc=0.4477  gap=+0.0120  p=0.0047  FPR95_gap=+0.0052
[18:08:48] INFO rebuttal1_knn_vim: [5/16] gaussian_noise|dtd|tent|0.9
[18:09:03] INFO rebuttal1_knn_vim:   KNN: id_only_auroc=0.8300  mixed_auroc=0.7672  gap=+0.0627  p=9.27e-08  FPR95_gap=-0.0333
[18:09:03] INFO rebuttal1_knn_vim:   VIM: id_only_auroc=0.9389  mixed_auroc=0.9291  gap=+0.0098  p=0.131  FPR95_gap=-0.0201
[18:09:03] INFO rebuttal1_knn_vim: [6/16] gaussian_noise|dtd|tent|0.5
[18:09:21] INFO rebuttal1_knn_vim:   KNN: id_only_auroc=0.7141  mixed_auroc=0.6584  gap=+0.0557  p=3.22e-10  FPR95_gap=-0.0333
[18:09:21] INFO rebuttal1_knn_vim:   VIM: id_only_auroc=0.7446  mixed_auroc=0.7491  gap=-0.0046  p=0.275  FPR95_gap=-0.0125
[18:09:21] INFO rebuttal1_knn_vim: [7/16] gaussian_noise|dtd|eta|0.9
[18:09:43] INFO rebuttal1_knn_vim:   KNN: id_only_auroc=0.8043  mixed_auroc=0.7583  gap=+0.0460  p=4.12e-08  FPR95_gap=-0.0489
[18:09:43] INFO rebuttal1_knn_vim:   VIM: id_only_auroc=0.9170  mixed_auroc=0.9148  gap=+0.0023  p=0.133  FPR95_gap=-0.0086
[18:09:43] INFO rebuttal1_knn_vim: [8/16] gaussian_noise|dtd|eta|0.5
[18:10:02] INFO rebuttal1_knn_vim:   KNN: id_only_auroc=0.6919  mixed_auroc=0.6484  gap=+0.0435  p=1.44e-09  FPR95_gap=-0.0292
[18:10:02] INFO rebuttal1_knn_vim:   VIM: id_only_auroc=0.7179  mixed_auroc=0.7155  gap=+0.0024  p=0.457  FPR95_gap=+0.0229
[18:10:02] INFO rebuttal1_knn_vim: [9/16] fog|svhn|tent|0.9
[18:10:16] INFO rebuttal1_knn_vim:   KNN: id_only_auroc=0.8521  mixed_auroc=0.8040  gap=+0.0481  p=1.41e-11  FPR95_gap=-0.0230
[18:10:16] INFO rebuttal1_knn_vim:   VIM: id_only_auroc=0.7140  mixed_auroc=0.7190  gap=-0.0050  p=0.288  FPR95_gap=+0.0155
[18:10:16] INFO rebuttal1_knn_vim: [10/16] fog|svhn|tent|0.5
[18:10:30] INFO rebuttal1_knn_vim:   KNN: id_only_auroc=0.8183  mixed_auroc=0.7541  gap=+0.0642  p=1.64e-12  FPR95_gap=-0.0479
[18:10:30] INFO rebuttal1_knn_vim:   VIM: id_only_auroc=0.4499  mixed_auroc=0.4438  gap=+0.0061  p=0.336  FPR95_gap=-0.0010
[18:10:30] INFO rebuttal1_knn_vim: [11/16] fog|svhn|eta|0.9
[18:10:45] INFO rebuttal1_knn_vim:   KNN: id_only_auroc=0.8398  mixed_auroc=0.8170  gap=+0.0227  p=1.56e-07  FPR95_gap=-0.0282
[18:10:45] INFO rebuttal1_knn_vim:   VIM: id_only_auroc=0.7437  mixed_auroc=0.7449  gap=-0.0012  p=0.722  FPR95_gap=+0.0006
[18:10:45] INFO rebuttal1_knn_vim: [12/16] fog|svhn|eta|0.5
[18:11:00] INFO rebuttal1_knn_vim:   KNN: id_only_auroc=0.7971  mixed_auroc=0.7591  gap=+0.0380  p=1.9e-09  FPR95_gap=-0.0417
[18:11:00] INFO rebuttal1_knn_vim:   VIM: id_only_auroc=0.4118  mixed_auroc=0.4062  gap=+0.0055  p=0.0813  FPR95_gap=+0.0052
[18:11:00] INFO rebuttal1_knn_vim: [13/16] fog|dtd|tent|0.9
[18:11:12] INFO rebuttal1_knn_vim:   KNN: id_only_auroc=0.9023  mixed_auroc=0.8557  gap=+0.0466  p=4.49e-08  FPR95_gap=-0.0701
[18:11:12] INFO rebuttal1_knn_vim:   VIM: id_only_auroc=0.8093  mixed_auroc=0.8072  gap=+0.0021  p=0.541  FPR95_gap=+0.0121
[18:11:12] INFO rebuttal1_knn_vim: [14/16] fog|dtd|tent|0.5
[18:11:22] INFO rebuttal1_knn_vim:   KNN: id_only_auroc=0.8553  mixed_auroc=0.8150  gap=+0.0402  p=7.04e-10  FPR95_gap=-0.0302
[18:11:22] INFO rebuttal1_knn_vim:   VIM: id_only_auroc=0.7081  mixed_auroc=0.7123  gap=-0.0042  p=0.233  FPR95_gap=+0.0031
[18:11:22] INFO rebuttal1_knn_vim: [15/16] fog|dtd|eta|0.9
[18:11:30] INFO rebuttal1_knn_vim:   KNN: id_only_auroc=0.9005  mixed_auroc=0.8807  gap=+0.0198  p=2.05e-06  FPR95_gap=-0.0362
[18:11:30] INFO rebuttal1_knn_vim:   VIM: id_only_auroc=0.8380  mixed_auroc=0.8373  gap=+0.0008  p=0.667  FPR95_gap=+0.0017
[18:11:30] INFO rebuttal1_knn_vim: [16/16] fog|dtd|eta|0.5
[18:11:38] INFO rebuttal1_knn_vim:   KNN: id_only_auroc=0.8460  mixed_auroc=0.8294  gap=+0.0166  p=4.96e-06  FPR95_gap=-0.0344
[18:11:38] INFO rebuttal1_knn_vim:   VIM: id_only_auroc=0.7133  mixed_auroc=0.7148  gap=-0.0015  p=0.449  FPR95_gap=+0.0104
[18:11:38] INFO rebuttal1_knn_vim: Saved → results/rebuttal1/knn_vim_results.json
[18:11:38] INFO rebuttal1_knn_vim: 
=== Summary: alpha=0.9, avg over corruptions × OODs ===
[18:11:38] INFO rebuttal1_knn_vim: method det   id_only_AUROC  mixed_AUROC  gap    p      FPR95_gap
[18:11:38] INFO rebuttal1_knn_vim:   tent   knn   0.8346         0.7735       +0.0611  6.67e-08  -0.0503
[18:11:38] INFO rebuttal1_knn_vim:   tent   vim   0.8555         0.8527       +0.0027  0.298  +0.0013
[18:11:38] INFO rebuttal1_knn_vim:   eta    knn   0.8199         0.7836       +0.0364  1.19e-06  -0.0404
[18:11:38] INFO rebuttal1_knn_vim:   eta    vim   0.8637         0.8630       +0.0008  0.505  +0.0000
