warning: `VIRTUAL_ENV=/home/xyz/anaconda3` does not match the project environment path `.venv` and will be ignored; use `--active` to target the active environment instead
[18:07:38] INFO rebuttal3_mitigation: Device: cuda
[18:07:38] INFO rebuttal3_mitigation: [1/8] gaussian_noise|svhn|0.9
[18:08:12] INFO rebuttal3_mitigation:   id_only=0.6678  mixed=0.5271  fix_c30=0.4835  adapTent=0.5228
[18:08:12] INFO rebuttal3_mitigation:     gap_vs_mixed=+0.1407  p=1.24e-08  closure=0.0%
[18:08:12] INFO rebuttal3_mitigation:     gap_vs_fix_c_30=+0.1843  p=5.15e-12  closure=-31.0%
[18:08:12] INFO rebuttal3_mitigation:     gap_vs_adapTent=+0.1450  p=1.59e-11  closure=-3.1%
[18:08:12] INFO rebuttal3_mitigation: [2/8] gaussian_noise|svhn|0.5
[18:08:41] INFO rebuttal3_mitigation:   id_only=0.6134  mixed=0.5327  fix_c30=0.5531  adapTent=0.5711
[18:08:41] INFO rebuttal3_mitigation:     gap_vs_mixed=+0.0807  p=6.32e-13  closure=0.0%
[18:08:41] INFO rebuttal3_mitigation:     gap_vs_fix_c_30=+0.0603  p=3.85e-10  closure=25.3%
[18:08:41] INFO rebuttal3_mitigation:     gap_vs_adapTent=+0.0423  p=5.29e-07  closure=47.5%
[18:08:41] INFO rebuttal3_mitigation: [3/8] gaussian_noise|dtd|0.9
[18:09:10] INFO rebuttal3_mitigation:   id_only=0.7732  mixed=0.6706  fix_c30=0.6616  adapTent=0.6503
[18:09:10] INFO rebuttal3_mitigation:     gap_vs_mixed=+0.1026  p=6.01e-09  closure=-0.0%
[18:09:10] INFO rebuttal3_mitigation:     gap_vs_fix_c_30=+0.1116  p=4.34e-12  closure=-8.8%
[18:09:10] INFO rebuttal3_mitigation:     gap_vs_adapTent=+0.1229  p=3.31e-14  closure=-19.8%
[18:09:10] INFO rebuttal3_mitigation: [4/8] gaussian_noise|dtd|0.5
[18:09:45] INFO rebuttal3_mitigation:   id_only=0.6974  mixed=0.6281  fix_c30=0.6376  adapTent=0.6353
[18:09:45] INFO rebuttal3_mitigation:     gap_vs_mixed=+0.0693  p=4.87e-11  closure=0.0%
[18:09:45] INFO rebuttal3_mitigation:     gap_vs_fix_c_30=+0.0598  p=4.56e-09  closure=13.8%
[18:09:45] INFO rebuttal3_mitigation:     gap_vs_adapTent=+0.0621  p=1.03e-08  closure=10.4%
[18:09:45] INFO rebuttal3_mitigation: [5/8] fog|svhn|0.9
[18:10:12] INFO rebuttal3_mitigation:   id_only=0.8322  mixed=0.7667  fix_c30=0.7719  adapTent=0.7832
[18:10:12] INFO rebuttal3_mitigation:     gap_vs_mixed=+0.0655  p=2.05e-08  closure=-0.0%
[18:10:12] INFO rebuttal3_mitigation:     gap_vs_fix_c_30=+0.0602  p=3.45e-08  closure=8.0%
[18:10:12] INFO rebuttal3_mitigation:     gap_vs_adapTent=+0.0489  p=2.18e-12  closure=25.3%
[18:10:12] INFO rebuttal3_mitigation: [6/8] fog|svhn|0.5
[18:10:35] INFO rebuttal3_mitigation:   id_only=0.8459  mixed=0.7957  fix_c30=0.8032  adapTent=0.8141
[18:10:35] INFO rebuttal3_mitigation:     gap_vs_mixed=+0.0502  p=1.2e-11  closure=0.0%
[18:10:35] INFO rebuttal3_mitigation:     gap_vs_fix_c_30=+0.0427  p=1.7e-11  closure=14.9%
[18:10:35] INFO rebuttal3_mitigation:     gap_vs_adapTent=+0.0318  p=4.69e-08  closure=36.7%
[18:10:35] INFO rebuttal3_mitigation: [7/8] fog|dtd|0.9
[18:11:00] INFO rebuttal3_mitigation:   id_only=0.8784  mixed=0.8192  fix_c30=0.8199  adapTent=0.8239
[18:11:00] INFO rebuttal3_mitigation:     gap_vs_mixed=+0.0592  p=4.01e-12  closure=0.0%
[18:11:00] INFO rebuttal3_mitigation:     gap_vs_fix_c_30=+0.0584  p=4.18e-12  closure=1.3%
[18:11:00] INFO rebuttal3_mitigation:     gap_vs_adapTent=+0.0545  p=1.4e-12  closure=7.9%
[18:11:00] INFO rebuttal3_mitigation: [8/8] fog|dtd|0.5
[18:11:19] INFO rebuttal3_mitigation:   id_only=0.8375  mixed=0.8047  fix_c30=0.8041  adapTent=0.8067
[18:11:19] INFO rebuttal3_mitigation:     gap_vs_mixed=+0.0328  p=8.32e-07  closure=0.0%
[18:11:19] INFO rebuttal3_mitigation:     gap_vs_fix_c_30=+0.0333  p=5.81e-08  closure=-1.6%
[18:11:19] INFO rebuttal3_mitigation:     gap_vs_adapTent=+0.0308  p=6.69e-08  closure=6.3%
[18:11:19] INFO rebuttal3_mitigation: Saved → results/rebuttal3/mitigation_results.json
[18:11:19] INFO rebuttal3_mitigation: 
=== Mitigation summary (alpha=0.9, avg over OODs × corruptions) ===
[18:11:19] INFO rebuttal3_mitigation: condition     AUROC   gap_vs_id_only  closure
[18:11:19] INFO rebuttal3_mitigation:   no_tta        0.7064
[18:11:19] INFO rebuttal3_mitigation:   id_only       0.7879
[18:11:19] INFO rebuttal3_mitigation:   mixed         0.6959  +0.0920          0.0%
[18:11:19] INFO rebuttal3_mitigation:   fix_c_30      0.6842  +0.1037          -7.6%
[18:11:19] INFO rebuttal3_mitigation:   adapTent      0.6950  +0.0928          2.6%
